                :-) GROMACS - gmx mdrun, 2024.5-conda_forge (-:

Copyright 1991-2024 The GROMACS Authors.
GROMACS is free software; you can redistribute it and/or modify it
under the terms of the GNU Lesser General Public License
as published by the Free Software Foundation; either version 2.1
of the License, or (at your option) any later version.

                         Current GROMACS contributors:
       Mark Abraham           Andrey Alekseenko           Vladimir Basov      
      Cathrine Bergh            Eliane Briand               Ania Brown        
      Mahesh Doijade            Giacomo Fiorin          Stefan Fleischmann    
      Sergey Gorelov         Gilles Gouaillardet            Alan Gray         
     M. Eric Irrgang         Farzaneh Jalalypour            Joe Jordan        
     Carsten Kutzner           Justin A. Lemkul          Magnus Lundborg      
       Pascal Merz              Vedran Miletic            Dmitry Morozov      
       Julien Nabet              Szilard Pall        Andrea Pasquadibisceglie 
    Michele Pellegrino          Hubert Santuz             Roland Schulz       
     Tatiana Shugaeva          Alexey Shvetsov            Philip Turner       
     Alessandra Villa      Sebastian Wingbermuehle  

                         Previous GROMACS contributors:
        Emile Apol             Rossen Apostolov           James Barnett       
        Paul Bauer          Herman J.C. Berendsen          Par Bjelkmar       
      Christian Blau          Viacheslav Bolnykh            Kevin Boyd        
    Aldert van Buuren          Carlo Camilloni           Rudi van Drunen      
      Anton Feenstra           Oliver Fleetwood            Vytas Gapsys       
       Gaurav Garg             Gerrit Groenhof            Bert de Groot       
      Anca Hamuraru           Vincent Hindriksen          Victor Holanda      
     Aleksei Iupinov          Christoph Junghans        Prashanth Kanduri     
   Dimitrios Karkoulis           Peter Kasson             Sebastian Kehl      
     Sebastian Keller             Jiri Kraus               Per Larsson        
      Viveca Lindahl            Erik Marklund           Pieter Meulenhoff     
      Teemu Murtola              Sander Pronk             Michael Shirts      
      Alfons Sijbers            Balint Soproni         David van der Spoel    
      Peter Tieleman            Carsten Uphoff             Jon Vincent        
     Teemu Virolainen         Christian Wennberg           Maarten Wolf       
      Artem Zhmurov       

                  Coordinated by the GROMACS project leaders:
                           Berk Hess and Erik Lindahl

GROMACS:      gmx mdrun, version 2024.5-conda_forge
Executable:   /cloud-home/U1012148/.magellan/conda/envs/projet-long/bin.AVX2_256/gmx
Data prefix:  /cloud-home/U1012148/.magellan/conda/envs/projet-long
Working dir:  /common/workdir/projet-long/amber/steep
Process ID:   8579
Command line:
  gmx mdrun -v -deffnm mini_npc1

GROMACS version:     2024.5-conda_forge
Precision:           mixed
Memory model:        64 bit
MPI library:         thread_mpi
OpenMP support:      enabled (GMX_OPENMP_MAX_THREADS = 128)
GPU support:         OpenCL
NBNxM GPU setup:     super-cluster 2x2x2 / cluster 8
SIMD instructions:   AVX2_256
CPU FFT library:     fftw-3.3.10-sse2-avx
GPU FFT library:     clFFT
Multi-GPU FFT:       none
RDTSCP usage:        disabled
TNG support:         enabled
Hwloc support:       disabled
Tracing support:     disabled
C compiler:          /home/conda/feedstock_root/build_artifacts/gromacs_1737879903961/_build_env/bin/x86_64-conda-linux-gnu-cc GNU 13.3.0
C compiler flags:    -fexcess-precision=fast -funroll-all-loops -mavx2 -mfma -Wno-missing-field-initializers -O3 -DNDEBUG
C++ compiler:        /home/conda/feedstock_root/build_artifacts/gromacs_1737879903961/_build_env/bin/x86_64-conda-linux-gnu-c++ GNU 13.3.0
C++ compiler flags:  -fexcess-precision=fast -funroll-all-loops -mavx2 -mfma -Wno-missing-field-initializers -Wno-cast-function-type-strict SHELL:-fopenmp -O3 -DNDEBUG
BLAS library:        Internal
LAPACK library:      Internal
OpenCL include dir:  /cloud-home/U1012148/.magellan/conda/envs/projet-long/include
OpenCL library:      /cloud-home/U1012148/.magellan/conda/envs/projet-long/lib/libOpenCL.so
OpenCL version:      3.0


Running on 1 node with total 16 cores, 32 processing units (GPU detection failed)
Hardware detected on host pipeline-629346:
  CPU info:
    Vendor: AMD
    Brand:  AMD EPYC 7R32
    Family: 23   Model: 49   Stepping: 0
    Features: aes amd apic avx avx2 clfsh cmov cx8 cx16 f16c fma htt lahf misalignsse mmx msr nonstop_tsc pclmuldq pdpe1gb popcnt pse rdrnd rdtscp sha sse2 sse3 sse4a sse4.1 sse4.2 ssse3
  Hardware topology: Basic
    Packages, cores, and logical processors:
    [indices refer to OS logical processors]
      Package  0: [   0  16] [   1  17] [   2  18] [   3  19] [   4  20] [   5  21] [   6  22] [   7  23] [   8  24] [   9  25] [  10  26] [  11  27] [  12  28] [  13  29] [  14  30] [  15  31]
    CPU limit set by OS: -1   Recommended max number of threads: 32

The current CPU can measure timings more accurately than the code in
gmx mdrun was configured to use. This might affect your simulation
speed as accurate timings are needed for load-balancing.
Please consider rebuilding gmx mdrun with the GMX_USE_RDTSCP=ON CMake option.

++++ PLEASE READ AND CITE THE FOLLOWING REFERENCE ++++
M. J. Abraham, T. Murtola, R. Schulz, S. Páll, J. C. Smith, B. Hess, E.
Lindahl
GROMACS: High performance molecular simulations through multi-level
parallelism from laptops to supercomputers
SoftwareX 1 (2015) pp. 19-25
-------- -------- --- Thank You --- -------- --------


++++ PLEASE READ AND CITE THE FOLLOWING REFERENCE ++++
S. Páll, M. J. Abraham, C. Kutzner, B. Hess, E. Lindahl
Tackling Exascale Software Challenges in Molecular Dynamics Simulations with
GROMACS
In S. Markidis & E. Laure (Eds.), Solving Software Challenges for Exascale 8759 (2015) pp. 3-27
-------- -------- --- Thank You --- -------- --------


++++ PLEASE READ AND CITE THE FOLLOWING REFERENCE ++++
S. Pronk, S. Páll, R. Schulz, P. Larsson, P. Bjelkmar, R. Apostolov, M. R.
Shirts, J. C. Smith, P. M. Kasson, D. van der Spoel, B. Hess, and E. Lindahl
GROMACS 4.5: a high-throughput and highly parallel open source molecular
simulation toolkit
Bioinformatics 29 (2013) pp. 845-54
-------- -------- --- Thank You --- -------- --------


++++ PLEASE READ AND CITE THE FOLLOWING REFERENCE ++++
B. Hess and C. Kutzner and D. van der Spoel and E. Lindahl
GROMACS 4: Algorithms for highly efficient, load-balanced, and scalable
molecular simulation
J. Chem. Theory Comput. 4 (2008) pp. 435-447
-------- -------- --- Thank You --- -------- --------


++++ PLEASE READ AND CITE THE FOLLOWING REFERENCE ++++
D. van der Spoel, E. Lindahl, B. Hess, G. Groenhof, A. E. Mark and H. J. C.
Berendsen
GROMACS: Fast, Flexible and Free
J. Comp. Chem. 26 (2005) pp. 1701-1719
-------- -------- --- Thank You --- -------- --------


++++ PLEASE READ AND CITE THE FOLLOWING REFERENCE ++++
E. Lindahl and B. Hess and D. van der Spoel
GROMACS 3.0: A package for molecular simulation and trajectory analysis
J. Mol. Mod. 7 (2001) pp. 306-317
-------- -------- --- Thank You --- -------- --------


++++ PLEASE READ AND CITE THE FOLLOWING REFERENCE ++++
H. J. C. Berendsen, D. van der Spoel and R. van Drunen
GROMACS: A message-passing parallel molecular dynamics implementation
Comp. Phys. Comm. 91 (1995) pp. 43-56
-------- -------- --- Thank You --- -------- --------

Input Parameters:
   integrator                     = steep
   tinit                          = 0
   dt                             = 0.001
   nsteps                         = 5000
   init-step                      = 0
   simulation-part                = 1
   mts                            = false
   mass-repartition-factor        = 1
   comm-mode                      = Linear
   nstcomm                        = 100
   bd-fric                        = 0
   ld-seed                        = -1343815851
   emtol                          = 1000
   emstep                         = 0.01
   niter                          = 20
   fcstep                         = 0
   nstcgsteep                     = 1000
   nbfgscorr                      = 10
   rtpi                           = 0.05
   nstxout                        = 100
   nstvout                        = 0
   nstfout                        = 0
   nstlog                         = 1000
   nstcalcenergy                  = 100
   nstenergy                      = 100
   nstxout-compressed             = 0
   compressed-x-precision         = 1000
   cutoff-scheme                  = Verlet
   nstlist                        = 10
   pbc                            = xyz
   periodic-molecules             = false
   verlet-buffer-tolerance        = 0.005
   verlet-buffer-pressure-tolerance = 0.5
   rlist                          = 1.05
   coulombtype                    = Cut-off
   coulomb-modifier               = Potential-shift
   rcoulomb-switch                = 0
   rcoulomb                       = 1
   epsilon-r                      = 1
   epsilon-rf                     = inf
   vdw-type                       = Cut-off
   vdw-modifier                   = Potential-shift
   rvdw-switch                    = 0
   rvdw                           = 1
   DispCorr                       = No
   table-extension                = 1
   fourierspacing                 = 0.12
   fourier-nx                     = 0
   fourier-ny                     = 0
   fourier-nz                     = 0
   pme-order                      = 4
   ewald-rtol                     = 1e-05
   ewald-rtol-lj                  = 0.001
   lj-pme-comb-rule               = Geometric
   ewald-geometry                 = 3d
   epsilon-surface                = 0
   ensemble-temperature-setting   = not available
   tcoupl                         = No
   nsttcouple                     = -1
   nh-chain-length                = 0
   print-nose-hoover-chain-variables = false
   pcoupl                         = No
   refcoord-scaling               = No
   posres-com (3):
      posres-com[0]= 0.00000e+00
      posres-com[1]= 0.00000e+00
      posres-com[2]= 0.00000e+00
   posres-comB (3):
      posres-comB[0]= 0.00000e+00
      posres-comB[1]= 0.00000e+00
      posres-comB[2]= 0.00000e+00
   QMMM                           = false
qm-opts:
   ngQM                           = 0
   constraint-algorithm           = Lincs
   continuation                   = false
   Shake-SOR                      = false
   shake-tol                      = 0.0001
   lincs-order                    = 4
   lincs-iter                     = 1
   lincs-warnangle                = 30
   nwall                          = 0
   wall-type                      = 9-3
   wall-r-linpot                  = -1
   wall-atomtype[0]               = -1
   wall-atomtype[1]               = -1
   wall-density[0]                = 0
   wall-density[1]                = 0
   wall-ewald-zfac                = 3
   pull                           = false
   awh                            = false
   rotation                       = false
   interactiveMD                  = false
   disre                          = No
   disre-weighting                = Conservative
   disre-mixed                    = false
   dr-fc                          = 1000
   dr-tau                         = 0
   nstdisreout                    = 100
   orire-fc                       = 0
   orire-tau                      = 0
   nstorireout                    = 100
   free-energy                    = no
   cos-acceleration               = 0
   deform (3x3):
      deform[    0]={ 0.00000e+00,  0.00000e+00,  0.00000e+00}
      deform[    1]={ 0.00000e+00,  0.00000e+00,  0.00000e+00}
      deform[    2]={ 0.00000e+00,  0.00000e+00,  0.00000e+00}
   simulated-tempering            = false
   swapcoords                     = no
   userint1                       = 0
   userint2                       = 0
   userint3                       = 0
   userint4                       = 0
   userreal1                      = 0
   userreal2                      = 0
   userreal3                      = 0
   userreal4                      = 0
   applied-forces:
     electric-field:
       x:
         E0                       = 0
         omega                    = 0
         t0                       = 0
         sigma                    = 0
       y:
         E0                       = 0
         omega                    = 0
         t0                       = 0
         sigma                    = 0
       z:
         E0                       = 0
         omega                    = 0
         t0                       = 0
         sigma                    = 0
     density-guided-simulation:
       active                     = false
       group                      = protein
       similarity-measure         = inner-product
       atom-spreading-weight      = unity
       force-constant             = 1e+09
       gaussian-transform-spreading-width = 0.2
       gaussian-transform-spreading-range-in-multiples-of-width = 4
       reference-density-filename = reference.mrc
       nst                        = 1
       normalize-densities        = true
       adaptive-force-scaling     = false
       adaptive-force-scaling-time-constant = 4
       shift-vector               = 
       transformation-matrix      = 
     qmmm-cp2k:
       active                     = false
       qmgroup                    = System
       qmmethod                   = PBE
       qmfilenames                = 
       qmcharge                   = 0
       qmmultiplicity             = 1
     colvars:
       active                     = false
       configfile                 = 
       seed                       = -1
grpopts:
   nrdf:       58368
   ref-t:           0
   tau-t:           0
annealing:          No
annealing-npoints:           0
   acc:	           0           0           0
   nfreeze:           N           N           N
   energygrp-flags[  0]: 0


When checking whether update groups are usable:
  No constraints or virtual sites are in use, so it is best not to use update groups

Initializing Domain Decomposition on 32 ranks
NOTE: disabling dynamic load balancing as it is only supported with dynamics, not with integrator 'steep'.
Dynamic load balancing: off
Minimum cell size due to atom displacement: 0.050 nm
Initial maximum distances in bonded interactions:
    two-body bonded interactions: 0.456 nm, LJ-14, atoms 2375 2463
  multi-body bonded interactions: 0.456 nm, Proper Dih., atoms 2375 2463
Minimum cell size due to bonded interactions: 0.502 nm
The system does not use PME for electrostatics or LJ
Optimizing the DD grid for 32 cells with a minimum initial size of 0.502 nm
The maximum allowed number of cells is: X 26 Y 21 Z 35
Domain decomposition grid 4 x 2 x 4, separate PME ranks 0
Domain decomposition rank 0, coordinates 0 0 0

The initial number of communication pulses is: X 1 Y 1 Z 1
The initial domain decomposition cell size is: X 3.27 nm Y 5.41 nm Z 4.44 nm

The maximum allowed distance for atoms involved in interactions is:
                 non-bonded interactions           1.050 nm
            two-body bonded interactions  (-rdd)   1.050 nm
          multi-body bonded interactions  (-rdd)   1.050 nm

Using 32 MPI threads
Using 1 OpenMP thread per tMPI thread

System total charge: -30.000
Potential shift: LJ r^-12: -1.000e+00 r^-6: -1.000e+00, Coulomb -1e+00
Generated table with 1025 data points for 1-4 COUL.
Tabscale = 500 points/nm
Generated table with 1025 data points for 1-4 LJ6.
Tabscale = 500 points/nm
Generated table with 1025 data points for 1-4 LJ12.
Tabscale = 500 points/nm


Using SIMD4xM 4x8 nonbonded short-range kernels

Using a 4x8 pair-list setup:
  updated every 10 steps, buffer 0.050 nm, rlist 1.050 nm

Using Lorentz-Berthelot Lennard-Jones combination rule
Removing pbc first time

Linking all bonded interactions to atoms


Pinning threads with an auto-selected logical cpu stride of 1

Note that activating steepest-descent energy minimization via the integrator .mdp option and the command gmx mdrun may be available in a different form in a future version of GROMACS, e.g. gmx minimize and an .mdp option.
Initiating Steepest Descents

Atom distribution over 32 domains: av 608 stddev 856 min 0 max 3168
Started Steepest Descents on rank 0 Fri May 30 08:30:38 2025


Steepest Descents:
   Tolerance (Fmax)   =  1.00000e+03
   Number of steps    =         5000
           Step           Time
              0        0.00000

   Energies (kJ/mol)
           Bond          Angle    Proper Dih. Per. Imp. Dih.          LJ-14
    9.33767e+04    9.87009e+03    4.99480e+04    2.84235e+02    2.98926e+04
     Coulomb-14        LJ (SR)   Coulomb (SR)      Potential Pressure (bar)
    2.34157e+05    9.80732e+05   -3.63088e+05    1.03517e+06    3.28312e+04

           Step           Time
              1        1.00000

   Energies (kJ/mol)
           Bond          Angle    Proper Dih. Per. Imp. Dih.          LJ-14
    9.34459e+04    9.87167e+03    4.99482e+04    2.84240e+02    2.98930e+04
     Coulomb-14        LJ (SR)   Coulomb (SR)      Potential Pressure (bar)
    2.34157e+05    2.89982e+05   -3.63091e+05    3.44491e+05    1.46196e+04

           Step           Time
              2        2.00000

   Energies (kJ/mol)
           Bond          Angle    Proper Dih. Per. Imp. Dih.          LJ-14
    9.35960e+04    9.89674e+03    4.99493e+04    2.84086e+02    2.98946e+04
     Coulomb-14        LJ (SR)   Coulomb (SR)      Potential Pressure (bar)
    2.34156e+05    8.69465e+04   -3.63097e+05    1.41626e+05    9.26516e+03


DD  step 2 load imb.: force 102.7%
           Step           Time
              3        3.00000

   Energies (kJ/mol)
           Bond          Angle    Proper Dih. Per. Imp. Dih.          LJ-14
    9.28315e+04    9.95575e+03    4.99576e+04    2.82077e+02    2.98973e+04
     Coulomb-14        LJ (SR)   Coulomb (SR)      Potential Pressure (bar)
    2.34136e+05    3.91938e+04   -3.63119e+05    9.31347e+04    8.00095e+03

           Step           Time
              4        4.00000

   Energies (kJ/mol)
           Bond          Angle    Proper Dih. Per. Imp. Dih.          LJ-14
    8.51851e+04    1.01886e+04    4.99838e+04    2.75120e+02    2.98690e+04
     Coulomb-14        LJ (SR)   Coulomb (SR)      Potential Pressure (bar)
    2.34042e+05    1.38835e+04   -3.63241e+05    6.01861e+04    7.28317e+03

           Step           Time
              5        5.00000

   Energies (kJ/mol)
           Bond          Angle    Proper Dih. Per. Imp. Dih.          LJ-14
    4.23475e+04    1.40075e+04    5.02143e+04    2.94776e+02    2.95230e+04
     Coulomb-14        LJ (SR)   Coulomb (SR)      Potential Pressure (bar)
    2.33490e+05   -6.52538e+03   -3.64089e+05   -7.37544e+02    6.14588e+03

           Step           Time
              6        6.00000

   Energies (kJ/mol)
           Bond          Angle    Proper Dih. Per. Imp. Dih.          LJ-14
    1.33086e+04    1.59321e+04    5.00553e+04    4.89303e+02    2.86101e+04
     Coulomb-14        LJ (SR)   Coulomb (SR)      Potential Pressure (bar)
    2.33003e+05   -8.42549e+03   -3.65093e+05   -3.21205e+04    4.33949e+03

           Step           Time
              7        7.00000

   Energies (kJ/mol)
           Bond          Angle    Proper Dih. Per. Imp. Dih.          LJ-14
    1.05456e+04    1.33791e+04    4.99547e+04    5.30477e+02    2.83104e+04
     Coulomb-14        LJ (SR)   Coulomb (SR)      Potential Pressure (bar)
    2.32926e+05   -1.29852e+04   -3.65262e+05   -4.26010e+04    4.01833e+03

           Step           Time
              8        8.00000

   Energies (kJ/mol)
           Bond          Angle    Proper Dih. Per. Imp. Dih.          LJ-14
    1.01178e+04    1.26153e+04    4.98525e+04    7.33375e+02    2.67481e+04
     Coulomb-14        LJ (SR)   Coulomb (SR)      Potential Pressure (bar)
    2.32757e+05   -1.52573e+04   -3.66221e+05   -4.86543e+04    2.58707e+03

           Step           Time
              9        9.00000

   Energies (kJ/mol)
           Bond          Angle    Proper Dih. Per. Imp. Dih.          LJ-14
    4.85068e+03    1.16280e+04    4.98976e+04    7.18543e+02    2.66622e+04
     Coulomb-14        LJ (SR)   Coulomb (SR)      Potential Pressure (bar)
    2.32528e+05   -1.75642e+04   -3.66248e+05   -5.75266e+04    2.51259e+03

           Step           Time
             10       10.00000

           Step           Time
             11       11.00000

   Energies (kJ/mol)
           Bond          Angle    Proper Dih. Per. Imp. Dih.          LJ-14
    5.15471e+03    1.24081e+04    5.00441e+04    7.18383e+02    2.60602e+04
     Coulomb-14        LJ (SR)   Coulomb (SR)      Potential Pressure (bar)
    2.31721e+05   -1.96319e+04   -3.66505e+05   -6.00305e+04    2.13139e+03

           Step           Time
             12       12.00000

           Step           Time
             13       13.00000

   Energies (kJ/mol)
           Bond          Angle    Proper Dih. Per. Imp. Dih.          LJ-14
    3.93534e+03    1.16116e+04    4.99561e+04    7.37989e+02    2.58533e+04
     Coulomb-14        LJ (SR)   Coulomb (SR)      Potential Pressure (bar)
    2.31796e+05   -2.02966e+04   -3.66629e+05   -6.30357e+04    2.08674e+03

           Step           Time
             14       14.00000

   Energies (kJ/mol)
           Bond          Angle    Proper Dih. Per. Imp. Dih.          LJ-14
    5.24712e+03    1.16679e+04    5.00055e+04    7.39661e+02    2.56039e+04
     Coulomb-14        LJ (SR)   Coulomb (SR)      Potential Pressure (bar)
    2.31442e+05   -2.12607e+04   -3.66631e+05   -6.31853e+04    1.99825e+03

           Step           Time
             15       15.00000

   Energies (kJ/mol)
           Bond          Angle    Proper Dih. Per. Imp. Dih.          LJ-14
    4.11427e+03    1.17274e+04    4.99989e+04    7.50868e+02    2.54368e+04
     Coulomb-14        LJ (SR)   Coulomb (SR)      Potential Pressure (bar)
    2.31464e+05   -2.13527e+04   -3.66776e+05   -6.46373e+04    1.93461e+03

           Step           Time
             16       16.00000

           Step           Time
             17       17.00000

   Energies (kJ/mol)
           Bond          Angle    Proper Dih. Per. Imp. Dih.          LJ-14
    3.25444e+03    1.12585e+04    5.00069e+04    7.52791e+02    2.53481e+04
     Coulomb-14        LJ (SR)   Coulomb (SR)      Potential Pressure (bar)
    2.31290e+05   -2.18828e+04   -3.66762e+05   -6.67338e+04    1.91661e+03

           Step           Time
             18       18.00000

           Step           Time
             19       19.00000

   Energies (kJ/mol)
           Bond          Angle    Proper Dih. Per. Imp. Dih.          LJ-14
    3.12911e+03    1.13166e+04    5.00233e+04    7.61100e+02    2.51394e+04
     Coulomb-14        LJ (SR)   Coulomb (SR)      Potential Pressure (bar)
    2.31169e+05   -2.22942e+04   -3.66860e+05   -6.76154e+04    1.84355e+03

           Step           Time
             20       20.00000

   Energies (kJ/mol)
           Bond          Angle    Proper Dih. Per. Imp. Dih.          LJ-14
    3.32372e+03    1.11599e+04    5.00340e+04    7.66254e+02    2.50144e+04
     Coulomb-14        LJ (SR)   Coulomb (SR)      Potential Pressure (bar)
    2.30990e+05   -2.28212e+04   -3.66875e+05   -6.84082e+04    1.80681e+03

           Step           Time
             21       21.00000

   Energies (kJ/mol)
           Bond          Angle    Proper Dih. Per. Imp. Dih.          LJ-14
    3.25859e+03    1.12904e+04    5.00478e+04    7.73614e+02    2.48388e+04
     Coulomb-14        LJ (SR)   Coulomb (SR)      Potential Pressure (bar)
    2.30918e+05   -2.30813e+04   -3.66973e+05   -6.89270e+04    1.74518e+03

           Step           Time
             22       22.00000

   Energies (kJ/mol)
           Bond          Angle    Proper Dih. Per. Imp. Dih.          LJ-14
    3.35823e+03    1.10828e+04    5.00577e+04    7.77237e+02    2.47380e+04
     Coulomb-14        LJ (SR)   Coulomb (SR)      Potential Pressure (bar)
    2.30745e+05   -2.35651e+04   -3.66974e+05   -6.97797e+04    1.72069e+03

           Step           Time
             23       23.00000

   Energies (kJ/mol)
           Bond          Angle    Proper Dih. Per. Imp. Dih.          LJ-14
    3.17578e+03    1.11930e+04    5.00685e+04    7.83550e+02    2.45934e+04
     Coulomb-14        LJ (SR)   Coulomb (SR)      Potential Pressure (bar)
    2.30701e+05   -2.37415e+04   -3.67063e+05   -7.02900e+04    1.67068e+03

           Step           Time
             24       24.00000

   Energies (kJ/mol)
           Bond          Angle    Proper Dih. Per. Imp. Dih.          LJ-14
    3.40801e+03    1.10190e+04    5.00787e+04    7.86362e+02    2.44938e+04
     Coulomb-14        LJ (SR)   Coulomb (SR)      Potential Pressure (bar)
    2.30532e+05   -2.41975e+04   -3.67064e+05   -7.09433e+04    1.64670e+03

           Step           Time
             25       25.00000

   Energies (kJ/mol)
           Bond          Angle    Proper Dih. Per. Imp. Dih.          LJ-14
    3.20450e+03    1.11240e+04    5.00878e+04    7.92288e+02    2.43661e+04
     Coulomb-14        LJ (SR)   Coulomb (SR)      Potential Pressure (bar)
    2.30502e+05   -2.43301e+04   -3.67150e+05   -7.14032e+04    1.60399e+03

           Step           Time
             26       26.00000

   Energies (kJ/mol)
           Bond          Angle    Proper Dih. Per. Imp. Dih.          LJ-14
    3.57283e+03    1.09765e+04    5.00977e+04    7.94421e+02    2.42695e+04
     Coulomb-14        LJ (SR)   Coulomb (SR)      Potential Pressure (bar)
    2.30338e+05   -2.47623e+04   -3.67149e+05   -7.18628e+04    1.58154e+03

           Step           Time
             27       27.00000

   Energies (kJ/mol)
           Bond          Angle    Proper Dih. Per. Imp. Dih.          LJ-14
    3.40259e+03    1.10869e+04    5.01057e+04    8.00817e+02    2.41541e+04
     Coulomb-14        LJ (SR)   Coulomb (SR)      Potential Pressure (bar)
    2.30320e+05   -2.48606e+04   -3.67234e+05   -7.22249e+04    1.54508e+03

           Step           Time
             28       28.00000

   Energies (kJ/mol)
           Bond          Angle    Proper Dih. Per. Imp. Dih.          LJ-14
    3.97315e+03    1.09718e+04    5.01151e+04    8.01227e+02    2.40612e+04
     Coulomb-14        LJ (SR)   Coulomb (SR)      Potential Pressure (bar)
    2.30157e+05   -2.52741e+04   -3.67231e+05   -7.24254e+04    1.52293e+03

           Step           Time
             29       29.00000

   Energies (kJ/mol)
           Bond          Angle    Proper Dih. Per. Imp. Dih.          LJ-14
    3.94767e+03    1.11132e+04    5.01223e+04    8.10848e+02    2.39552e+04
     Coulomb-14        LJ (SR)   Coulomb (SR)      Potential Pressure (bar)
    2.30152e+05   -2.53431e+04   -3.67321e+05   -7.25622e+04    1.48897e+03

           Step           Time
             30       30.00000

           Step           Time
             31       31.00000

   Energies (kJ/mol)
           Bond          Angle    Proper Dih. Per. Imp. Dih.          LJ-14
    2.58888e+03    1.08071e+04    5.01251e+04    8.07181e+02    2.39067e+04
     Coulomb-14        LJ (SR)   Coulomb (SR)      Potential Pressure (bar)
    2.30069e+05   -2.55576e+04   -3.67316e+05   -7.45702e+04    1.48677e+03

           Step           Time
             32       32.00000

   Energies (kJ/mol)
           Bond          Angle    Proper Dih. Per. Imp. Dih.          LJ-14
    4.27549e+03    1.08596e+04    5.01658e+04    8.21942e+02    2.34739e+04
     Coulomb-14        LJ (SR)   Coulomb (SR)      Potential Pressure (bar)
    2.29714e+05   -2.65125e+04   -3.67494e+05   -7.46950e+04    1.35919e+03

           Step           Time
             33       33.00000

   Energies (kJ/mol)
           Bond          Angle    Proper Dih. Per. Imp. Dih.          LJ-14
    2.74829e+03    1.07044e+04    5.01672e+04    8.20450e+02    2.34233e+04
     Coulomb-14        LJ (SR)   Coulomb (SR)      Potential Pressure (bar)
    2.29647e+05   -2.66769e+04   -3.67513e+05   -7.66796e+04    1.35439e+03

           Step           Time
             34       34.00000

           Step           Time
             35       35.00000

   Energies (kJ/mol)
           Bond          Angle    Proper Dih. Per. Imp. Dih.          LJ-14
    2.77935e+03    1.06900e+04    5.01734e+04    8.23850e+02    2.33500e+04
     Coulomb-14        LJ (SR)   Coulomb (SR)      Potential Pressure (bar)
    2.29597e+05   -2.68289e+04   -3.67556e+05   -7.69718e+04    1.33598e+03

           Step           Time
             36       36.00000

   Energies (kJ/mol)
           Bond          Angle    Proper Dih. Per. Imp. Dih.          LJ-14
    3.06542e+03    1.07043e+04    5.01770e+04    8.23690e+02    2.32693e+04
     Coulomb-14        LJ (SR)   Coulomb (SR)      Potential Pressure (bar)
    2.29510e+05   -2.70341e+04   -3.67588e+05   -7.70718e+04    1.31203e+03

           Step           Time
             37       37.00000

   Energies (kJ/mol)
           Bond          Angle    Proper Dih. Per. Imp. Dih.          LJ-14
    3.16625e+03    1.07006e+04    5.01833e+04    8.28007e+02    2.32011e+04
     Coulomb-14        LJ (SR)   Coulomb (SR)      Potential Pressure (bar)
    2.29471e+05   -2.71666e+04   -3.67636e+05   -7.72528e+04    1.29715e+03

           Step           Time
             38       38.00000

           Step           Time
             39       39.00000

   Energies (kJ/mol)
           Bond          Angle    Proper Dih. Per. Imp. Dih.          LJ-14
    2.44015e+03    1.06173e+04    5.01837e+04    8.26843e+02    2.31611e+04
     Coulomb-14        LJ (SR)   Coulomb (SR)      Potential Pressure (bar)
    2.29425e+05   -2.72687e+04   -3.67650e+05   -7.82643e+04    1.28969e+03

           Step           Time
             40       40.00000

           Step           Time
             41       41.00000

   Energies (kJ/mol)
           Bond          Angle    Proper Dih. Per. Imp. Dih.          LJ-14
    2.63601e+03    1.05980e+04    5.01928e+04    8.30429e+02    2.30259e+04
     Coulomb-14        LJ (SR)   Coulomb (SR)      Potential Pressure (bar)
    2.29313e+05   -2.75632e+04   -3.67721e+05   -7.86875e+04    1.25732e+03

           Step           Time
             42       42.00000

   Energies (kJ/mol)
           Bond          Angle    Proper Dih. Per. Imp. Dih.          LJ-14
    2.49874e+03    1.05815e+04    5.01940e+04    8.30145e+02    2.29749e+04
     Coulomb-14        LJ (SR)   Coulomb (SR)      Potential Pressure (bar)
    2.29261e+05   -2.76814e+04   -3.67747e+05   -7.90880e+04    1.24345e+03

           Step           Time
             43       43.00000

   Energies (kJ/mol)
           Bond          Angle    Proper Dih. Per. Imp. Dih.          LJ-14
    2.82026e+03    1.05877e+04    5.02006e+04    8.33238e+02    2.28855e+04
     Coulomb-14        LJ (SR)   Coulomb (SR)      Potential Pressure (bar)
    2.29192e+05   -2.78693e+04   -3.67799e+05   -7.91493e+04    1.22118e+03

           Step           Time
             44       44.00000

   Energies (kJ/mol)
           Bond          Angle    Proper Dih. Per. Imp. Dih.          LJ-14
    2.69441e+03    1.05751e+04    5.02010e+04    8.32492e+02    2.28315e+04
     Coulomb-14        LJ (SR)   Coulomb (SR)      Potential Pressure (bar)
    2.29132e+05   -2.79955e+04   -3.67825e+05   -7.95538e+04    1.20765e+03

           Step           Time
             45       45.00000

           Step           Time
             46       46.00000

   Energies (kJ/mol)
           Bond          Angle    Proper Dih. Per. Imp. Dih.          LJ-14
    2.39929e+03    1.05324e+04    5.02040e+04    8.33783e+02    2.27941e+04
     Coulomb-14        LJ (SR)   Coulomb (SR)      Potential Pressure (bar)
    2.29107e+05   -2.80713e+04   -3.67850e+05   -8.00507e+04    1.20070e+03

           Step           Time
             47       47.00000

   Energies (kJ/mol)
           Bond          Angle    Proper Dih. Per. Imp. Dih.          LJ-14
    2.97418e+03    1.05673e+04    5.02095e+04    8.35059e+02    2.26542e+04
     Coulomb-14        LJ (SR)   Coulomb (SR)      Potential Pressure (bar)
    2.28971e+05   -2.83766e+04   -3.67922e+05   -8.00869e+04    1.16125e+03

           Step           Time
             48       48.00000

   Energies (kJ/mol)
           Bond          Angle    Proper Dih. Per. Imp. Dih.          LJ-14
    2.49259e+03    1.05093e+04    5.02131e+04    8.36475e+02    2.26151e+04
     Coulomb-14        LJ (SR)   Coulomb (SR)      Potential Pressure (bar)
    2.28949e+05   -2.84520e+04   -3.67954e+05   -8.07899e+04    1.15652e+03

           Step           Time
             49       49.00000

           Step           Time
             50       50.00000

   Energies (kJ/mol)
           Bond          Angle    Proper Dih. Per. Imp. Dih.          LJ-14
    2.46272e+03    1.05017e+04    5.02137e+04    8.36265e+02    2.25659e+04
     Coulomb-14        LJ (SR)   Coulomb (SR)      Potential Pressure (bar)
    2.28897e+05   -2.85612e+04   -3.67978e+05   -8.10615e+04    1.14393e+03

           Step           Time
             51       51.00000

   Energies (kJ/mol)
           Bond          Angle    Proper Dih. Per. Imp. Dih.          LJ-14
    2.63513e+03    1.05032e+04    5.02181e+04    8.37618e+02    2.25009e+04
     Coulomb-14        LJ (SR)   Coulomb (SR)      Potential Pressure (bar)
    2.28848e+05   -2.86925e+04   -3.68023e+05   -8.11725e+04    1.12545e+03

           Step           Time
             52       52.00000

   Energies (kJ/mol)
           Bond          Angle    Proper Dih. Per. Imp. Dih.          LJ-14
    2.65903e+03    1.05055e+04    5.02177e+04    8.37286e+02    2.24503e+04
     Coulomb-14        LJ (SR)   Coulomb (SR)      Potential Pressure (bar)
    2.28791e+05   -2.88058e+04   -3.68047e+05   -8.13924e+04    1.11159e+03

           Step           Time
             53       53.00000

           Step           Time
             54       54.00000

   Energies (kJ/mol)
           Bond          Angle    Proper Dih. Per. Imp. Dih.          LJ-14
    2.33741e+03    1.04650e+04    5.02201e+04    8.38055e+02    2.24211e+04
     Coulomb-14        LJ (SR)   Coulomb (SR)      Potential Pressure (bar)
    2.28771e+05   -2.88630e+04   -3.68070e+05   -8.18806e+04    1.10679e+03

           Step           Time
             55       55.00000

   Energies (kJ/mol)
           Bond          Angle    Proper Dih. Per. Imp. Dih.          LJ-14
    2.96440e+03    1.05073e+04    5.02260e+04    8.40001e+02    2.22365e+04
     Coulomb-14        LJ (SR)   Coulomb (SR)      Potential Pressure (bar)
    2.28590e+05   -2.92504e+04   -3.68179e+05   -8.20652e+04    1.05642e+03

           Step           Time
             56       56.00000

   Energies (kJ/mol)
           Bond          Angle    Proper Dih. Per. Imp. Dih.          LJ-14
    2.39719e+03    1.04432e+04    5.02290e+04    8.40866e+02    2.22057e+04
     Coulomb-14        LJ (SR)   Coulomb (SR)      Potential Pressure (bar)
    2.28573e+05   -2.93076e+04   -3.68208e+05   -8.28265e+04    1.05212e+03

           Step           Time
             57       57.00000

           Step           Time
             58       58.00000

   Energies (kJ/mol)
           Bond          Angle    Proper Dih. Per. Imp. Dih.          LJ-14
    2.46722e+03    1.04482e+04    5.02288e+04    8.40972e+02    2.21553e+04
     Coulomb-14        LJ (SR)   Coulomb (SR)      Potential Pressure (bar)
    2.28519e+05   -2.94171e+04   -3.68236e+05   -8.29937e+04    1.03722e+03

           Step           Time
             59       59.00000

   Energies (kJ/mol)
           Bond          Angle    Proper Dih. Per. Imp. Dih.          LJ-14
    2.48185e+03    1.04396e+04    5.02318e+04    8.41704e+02    2.21115e+04
     Coulomb-14        LJ (SR)   Coulomb (SR)      Potential Pressure (bar)
    2.28485e+05   -2.95026e+04   -3.68272e+05   -8.31825e+04    1.02835e+03

           Step           Time
             60       60.00000

   Energies (kJ/mol)
           Bond          Angle    Proper Dih. Per. Imp. Dih.          LJ-14
    2.62000e+03    1.04546e+04    5.02308e+04    8.41744e+02    2.20635e+04
     Coulomb-14        LJ (SR)   Coulomb (SR)      Potential Pressure (bar)
    2.28430e+05   -2.96082e+04   -3.68297e+05   -8.32647e+04    1.01463e+03

           Step           Time
             61       61.00000

   Energies (kJ/mol)
           Bond          Angle    Proper Dih. Per. Imp. Dih.          LJ-14
    2.65960e+03    1.04466e+04    5.02342e+04    8.42544e+02    2.20211e+04
     Coulomb-14        LJ (SR)   Coulomb (SR)      Potential Pressure (bar)
    2.28401e+05   -2.96880e+04   -3.68336e+05   -8.34194e+04    1.00520e+03

           Step           Time
             62       62.00000

           Step           Time
             63       63.00000

   Energies (kJ/mol)
           Bond          Angle    Proper Dih. Per. Imp. Dih.          LJ-14
    2.30480e+03    1.04147e+04    5.02329e+04    8.42340e+02    2.19980e+04
     Coulomb-14        LJ (SR)   Coulomb (SR)      Potential Pressure (bar)
    2.28372e+05   -2.97404e+04   -3.68348e+05   -8.39235e+04    1.00002e+03

           Step           Time
             64       64.00000

   Energies (kJ/mol)
           Bond          Angle    Proper Dih. Per. Imp. Dih.          LJ-14
    2.80995e+03    1.04430e+04    5.02389e+04    8.44410e+02    2.18303e+04
     Coulomb-14        LJ (SR)   Coulomb (SR)      Potential Pressure (bar)
    2.28217e+05   -3.00750e+04   -3.68475e+05   -8.41668e+04    9.55507e+02

           Step           Time
             65       65.00000

   Energies (kJ/mol)
           Bond          Angle    Proper Dih. Per. Imp. Dih.          LJ-14
    2.36239e+03    1.04065e+04    5.02367e+04    8.43941e+02    2.18050e+04
     Coulomb-14        LJ (SR)   Coulomb (SR)      Potential Pressure (bar)
    2.28183e+05   -3.01326e+04   -3.68487e+05   -8.47820e+04    9.52276e+02

           Step           Time
             66       66.00000

           Step           Time
             67       67.00000

   Energies (kJ/mol)
           Bond          Angle    Proper Dih. Per. Imp. Dih.          LJ-14
    2.38287e+03    1.04013e+04    5.02386e+04    8.44375e+02    2.17660e+04
     Coulomb-14        LJ (SR)   Coulomb (SR)      Potential Pressure (bar)
    2.28151e+05   -3.02088e+04   -3.68521e+05   -8.49464e+04    9.40939e+02

           Step           Time
             68       68.00000

   Energies (kJ/mol)
           Bond          Angle    Proper Dih. Per. Imp. Dih.          LJ-14
    2.43934e+03    1.04107e+04    5.02373e+04    8.44363e+02    2.17262e+04
     Coulomb-14        LJ (SR)   Coulomb (SR)      Potential Pressure (bar)
    2.28105e+05   -3.02936e+04   -3.68548e+05   -8.50789e+04    9.30750e+02

           Step           Time
             69       69.00000

   Energies (kJ/mol)
           Bond          Angle    Proper Dih. Per. Imp. Dih.          LJ-14
    2.47197e+03    1.04053e+04    5.02398e+04    8.44922e+02    2.16887e+04
     Coulomb-14        LJ (SR)   Coulomb (SR)      Potential Pressure (bar)
    2.28076e+05   -3.03642e+04   -3.68583e+05   -8.52212e+04    9.21434e+02

           Step           Time
             70       70.00000

   Energies (kJ/mol)
           Bond          Angle    Proper Dih. Per. Imp. Dih.          LJ-14
    2.59569e+03    1.04240e+04    5.02377e+04    8.44900e+02    2.16501e+04
     Coulomb-14        LJ (SR)   Coulomb (SR)      Potential Pressure (bar)
    2.28028e+05   -3.04480e+04   -3.68606e+05   -8.52743e+04    9.12308e+02

           Step           Time
             71       71.00000

   Energies (kJ/mol)
           Bond          Angle    Proper Dih. Per. Imp. Dih.          LJ-14
    2.66080e+03    1.04193e+04    5.02408e+04    8.45690e+02    2.16138e+04
     Coulomb-14        LJ (SR)   Coulomb (SR)      Potential Pressure (bar)
    2.28002e+05   -3.05141e+04   -3.68645e+05   -8.53764e+04    9.04819e+02

           Step           Time
             72       72.00000

           Step           Time
             73       73.00000

   Energies (kJ/mol)
           Bond          Angle    Proper Dih. Per. Imp. Dih.          LJ-14
    2.29181e+03    1.03887e+04    5.02391e+04    8.45542e+02    2.15950e+04
     Coulomb-14        LJ (SR)   Coulomb (SR)      Potential Pressure (bar)
    2.27978e+05   -3.05562e+04   -3.68655e+05   -8.58736e+04    9.01442e+02

           Step           Time
             74       74.00000

   Energies (kJ/mol)
           Bond          Angle    Proper Dih. Per. Imp. Dih.          LJ-14
    2.83533e+03    1.04284e+04    5.02430e+04    8.48110e+02    2.14393e+04
     Coulomb-14        LJ (SR)   Coulomb (SR)      Potential Pressure (bar)
    2.27827e+05   -3.08609e+04   -3.68792e+05   -8.60326e+04    8.66212e+02

           Step           Time
             75       75.00000

   Energies (kJ/mol)
           Bond          Angle    Proper Dih. Per. Imp. Dih.          LJ-14
    2.32886e+03    1.03890e+04    5.02403e+04    8.47673e+02    2.14195e+04
     Coulomb-14        LJ (SR)   Coulomb (SR)      Potential Pressure (bar)
    2.27800e+05   -3.09051e+04   -3.68801e+05   -8.66808e+04    8.57871e+02

           Step           Time
             76       76.00000

           Step           Time
             77       77.00000

   Energies (kJ/mol)
           Bond          Angle    Proper Dih. Per. Imp. Dih.          LJ-14
    2.41202e+03    1.03921e+04    5.02412e+04    8.47801e+02    2.13791e+04
     Coulomb-14        LJ (SR)   Coulomb (SR)      Potential Pressure (bar)
    2.27762e+05   -3.09831e+04   -3.68842e+05   -8.67902e+04    8.50409e+02

           Step           Time
             78       78.00000

   Energies (kJ/mol)
           Bond          Angle    Proper Dih. Per. Imp. Dih.          LJ-14
    2.37877e+03    1.03938e+04    5.02393e+04    8.47746e+02    2.13522e+04
     Coulomb-14        LJ (SR)   Coulomb (SR)      Potential Pressure (bar)
    2.27730e+05   -3.10413e+04   -3.68860e+05   -8.69600e+04    8.41114e+02

           Step           Time
             79       79.00000

   Energies (kJ/mol)
           Bond          Angle    Proper Dih. Per. Imp. Dih.          LJ-14
    2.52890e+03    1.04027e+04    5.02408e+04    8.48184e+02    2.13140e+04
     Coulomb-14        LJ (SR)   Coulomb (SR)      Potential Pressure (bar)
    2.27695e+05   -3.11134e+04   -3.68901e+05   -8.69848e+04    8.33316e+02

           Step           Time
             80       80.00000

   Energies (kJ/mol)
           Bond          Angle    Proper Dih. Per. Imp. Dih.          LJ-14
    2.48538e+03    1.04051e+04    5.02381e+04    8.48006e+02    2.12875e+04
     Coulomb-14        LJ (SR)   Coulomb (SR)      Potential Pressure (bar)
    2.27661e+05   -3.11718e+04   -3.68917e+05   -8.71636e+04    8.24807e+02

           Step           Time
             81       81.00000

           Step           Time
             82       82.00000

   Energies (kJ/mol)
           Bond          Angle    Proper Dih. Per. Imp. Dih.          LJ-14
    2.30184e+03    1.03837e+04    5.02393e+04    8.48302e+02    2.12692e+04
     Coulomb-14        LJ (SR)   Coulomb (SR)      Potential Pressure (bar)
    2.27646e+05   -3.12054e+04   -3.68940e+05   -8.74568e+04    8.23745e+02

           Step           Time
             83       83.00000

   Energies (kJ/mol)
           Bond          Angle    Proper Dih. Per. Imp. Dih.          LJ-14
    2.57163e+03    1.04151e+04    5.02367e+04    8.48783e+02    2.11930e+04
     Coulomb-14        LJ (SR)   Coulomb (SR)      Potential Pressure (bar)
    2.27560e+05   -3.13605e+04   -3.69006e+05   -8.75413e+04    8.02116e+02

           Step           Time
             84       84.00000

   Energies (kJ/mol)
           Bond          Angle    Proper Dih. Per. Imp. Dih.          LJ-14
    2.36021e+03    1.03895e+04    5.02383e+04    8.48914e+02    2.11722e+04
     Coulomb-14        LJ (SR)   Coulomb (SR)      Potential Pressure (bar)
    2.27545e+05   -3.13978e+04   -3.69033e+05   -8.78769e+04    8.00770e+02

           Step           Time
             85       85.00000

           Step           Time
             86       86.00000

   Energies (kJ/mol)
           Bond          Angle    Proper Dih. Per. Imp. Dih.          LJ-14
    2.33189e+03    1.03913e+04    5.02365e+04    8.48777e+02    2.11493e+04
     Coulomb-14        LJ (SR)   Coulomb (SR)      Potential Pressure (bar)
    2.27517e+05   -3.14463e+04   -3.69053e+05   -8.80240e+04    7.94072e+02

           Step           Time
             87       87.00000

   Energies (kJ/mol)
           Bond          Angle    Proper Dih. Per. Imp. Dih.          LJ-14
    2.42460e+03    1.03967e+04    5.02371e+04    8.49088e+02    2.11127e+04
     Coulomb-14        LJ (SR)   Coulomb (SR)      Potential Pressure (bar)
    2.27482e+05   -3.15161e+04   -3.69093e+05   -8.81067e+04    7.84422e+02

           Step           Time
             88       88.00000

   Energies (kJ/mol)
           Bond          Angle    Proper Dih. Per. Imp. Dih.          LJ-14
    2.38160e+03    1.03986e+04    5.02347e+04    8.48985e+02    2.10901e+04
     Coulomb-14        LJ (SR)   Coulomb (SR)      Potential Pressure (bar)
    2.27454e+05   -3.15653e+04   -3.69112e+05   -8.82689e+04    7.76497e+02

           Step           Time
             89       89.00000

           Step           Time
             90       90.00000

   Energies (kJ/mol)
           Bond          Angle    Proper Dih. Per. Imp. Dih.          LJ-14
    2.30524e+03    1.03885e+04    5.02353e+04    8.49201e+02    2.10728e+04
     Coulomb-14        LJ (SR)   Coulomb (SR)      Potential Pressure (bar)
    2.27439e+05   -3.15976e+04   -3.69133e+05   -8.84403e+04    7.73420e+02

           Step           Time
             91       91.00000

   Energies (kJ/mol)
           Bond          Angle    Proper Dih. Per. Imp. Dih.          LJ-14
    2.42382e+03    1.04063e+04    5.02329e+04    8.49447e+02    2.10167e+04
     Coulomb-14        LJ (SR)   Coulomb (SR)      Potential Pressure (bar)
    2.27376e+05   -3.17117e+04   -3.69189e+05   -8.85950e+04    7.60147e+02

           Step           Time
             92       92.00000

   Energies (kJ/mol)
           Bond          Angle    Proper Dih. Per. Imp. Dih.          LJ-14
    2.34163e+03    1.03941e+04    5.02338e+04    8.49574e+02    2.09971e+04
     Coulomb-14        LJ (SR)   Coulomb (SR)      Potential Pressure (bar)
    2.27359e+05   -3.17475e+04   -3.69214e+05   -8.87860e+04    7.56338e+02

           Step           Time
             93       93.00000

   Energies (kJ/mol)
           Bond          Angle    Proper Dih. Per. Imp. Dih.          LJ-14
    2.50294e+03    1.04156e+04    5.02311e+04    8.49573e+02    2.09600e+04
     Coulomb-14        LJ (SR)   Coulomb (SR)      Potential Pressure (bar)
    2.27315e+05   -3.18253e+04   -3.69249e+05   -8.88003e+04    7.44337e+02

           Step           Time
             94       94.00000

   Energies (kJ/mol)
           Bond          Angle    Proper Dih. Per. Imp. Dih.          LJ-14
    2.42267e+03    1.04031e+04    5.02326e+04    8.49660e+02    2.09382e+04
     Coulomb-14        LJ (SR)   Coulomb (SR)      Potential Pressure (bar)
    2.27297e+05   -3.18634e+04   -3.69278e+05   -8.89981e+04    7.41021e+02

           Step           Time
             95       95.00000

           Step           Time
             96       96.00000

   Energies (kJ/mol)
           Bond          Angle    Proper Dih. Per. Imp. Dih.          LJ-14
    2.31681e+03    1.03970e+04    5.02307e+04    8.49584e+02    2.09230e+04
     Coulomb-14        LJ (SR)   Coulomb (SR)      Potential Pressure (bar)
    2.27278e+05   -3.18966e+04   -3.69292e+05   -8.91939e+04    7.36852e+02

           Step           Time
             97       97.00000

   Energies (kJ/mol)
           Bond          Angle    Proper Dih. Per. Imp. Dih.          LJ-14
    2.50818e+03    1.04144e+04    5.02306e+04    8.50130e+02    2.08695e+04
     Coulomb-14        LJ (SR)   Coulomb (SR)      Potential Pressure (bar)
    2.27223e+05   -3.19982e+04   -3.69354e+05   -8.92566e+04    7.24501e+02

           Step           Time
             98       98.00000

   Energies (kJ/mol)
           Bond          Angle    Proper Dih. Per. Imp. Dih.          LJ-14
    2.35296e+03    1.04049e+04    5.02281e+04    8.49883e+02    2.08533e+04
     Coulomb-14        LJ (SR)   Coulomb (SR)      Potential Pressure (bar)
    2.27202e+05   -3.20337e+04   -3.69369e+05   -8.95112e+04    7.20367e+02

           Step           Time
             99       99.00000

           Step           Time
            100      100.00000

   Energies (kJ/mol)
           Bond          Angle    Proper Dih. Per. Imp. Dih.          LJ-14
    2.34222e+03    1.04018e+04    5.02285e+04    8.50004e+02    2.08324e+04
     Coulomb-14        LJ (SR)   Coulomb (SR)      Potential Pressure (bar)
    2.27181e+05   -3.20723e+04   -3.69394e+05   -8.96303e+04    7.15931e+02

           Step           Time
            101      101.00000

   Energies (kJ/mol)
           Bond          Angle    Proper Dih. Per. Imp. Dih.          LJ-14
    2.39086e+03    1.04119e+04    5.02260e+04    8.49885e+02    2.08051e+04
     Coulomb-14        LJ (SR)   Coulomb (SR)      Potential Pressure (bar)
    2.27149e+05   -3.21285e+04   -3.69422e+05   -8.97183e+04    7.09823e+02

           Step           Time
            102      102.00000

   Energies (kJ/mol)
           Bond          Angle    Proper Dih. Per. Imp. Dih.          LJ-14
    2.39664e+03    1.04092e+04    5.02266e+04    8.49915e+02    2.07829e+04
     Coulomb-14        LJ (SR)   Coulomb (SR)      Potential Pressure (bar)
    2.27127e+05   -3.21688e+04   -3.69451e+05   -8.98277e+04    7.02720e+02

           Step           Time
            103      103.00000

   Energies (kJ/mol)
           Bond          Angle    Proper Dih. Per. Imp. Dih.          LJ-14
    2.46522e+03    1.04230e+04    5.02236e+04    8.49581e+02    2.07587e+04
     Coulomb-14        LJ (SR)   Coulomb (SR)      Potential Pressure (bar)
    2.27097e+05   -3.22192e+04   -3.69475e+05   -8.98765e+04    6.95860e+02

           Step           Time
            104      104.00000

   Energies (kJ/mol)
           Bond          Angle    Proper Dih. Per. Imp. Dih.          LJ-14
    2.50842e+03    1.04220e+04    5.02250e+04    8.49599e+02    2.07357e+04
     Coulomb-14        LJ (SR)   Coulomb (SR)      Potential Pressure (bar)
    2.27076e+05   -3.22598e+04   -3.69506e+05   -8.99499e+04    6.90950e+02

           Step           Time
            105      105.00000

           Step           Time
            106      106.00000

   Energies (kJ/mol)
           Bond          Angle    Proper Dih. Per. Imp. Dih.          LJ-14
    2.31643e+03    1.04084e+04    5.02231e+04    8.49547e+02    2.07245e+04
     Coulomb-14        LJ (SR)   Coulomb (SR)      Potential Pressure (bar)
    2.27061e+05   -3.22843e+04   -3.69517e+05   -9.02188e+04    6.88023e+02

           Step           Time
            107      107.00000

   Energies (kJ/mol)
           Bond          Angle    Proper Dih. Per. Imp. Dih.          LJ-14
    2.63782e+03    1.04445e+04    5.02205e+04    8.49524e+02    2.06118e+04
     Coulomb-14        LJ (SR)   Coulomb (SR)      Potential Pressure (bar)
    2.26938e+05   -3.24972e+04   -3.69654e+05   -9.04498e+04    6.61476e+02

           Step           Time
            108      108.00000

   Energies (kJ/mol)
           Bond          Angle    Proper Dih. Per. Imp. Dih.          LJ-14
    2.34329e+03    1.04225e+04    5.02179e+04    8.49421e+02    2.06003e+04
     Coulomb-14        LJ (SR)   Coulomb (SR)      Potential Pressure (bar)
    2.26922e+05   -3.25231e+04   -3.69664e+05   -9.08323e+04    6.60500e+02

           Step           Time
            109      109.00000

           Step           Time
            110      110.00000

   Energies (kJ/mol)
           Bond          Angle    Proper Dih. Per. Imp. Dih.          LJ-14
    2.40676e+03    1.04280e+04    5.02176e+04    8.49193e+02    2.05717e+04
     Coulomb-14        LJ (SR)   Coulomb (SR)      Potential Pressure (bar)
    2.26892e+05   -3.25772e+04   -3.69702e+05   -9.09146e+04    6.52460e+02

           Step           Time
            111      111.00000

   Energies (kJ/mol)
           Bond          Angle    Proper Dih. Per. Imp. Dih.          LJ-14
    2.37194e+03    1.04305e+04    5.02152e+04    8.49120e+02    2.05559e+04
     Coulomb-14        LJ (SR)   Coulomb (SR)      Potential Pressure (bar)
    2.26871e+05   -3.26103e+04   -3.69721e+05   -9.10368e+04    6.46163e+02

           Step           Time
            112      112.00000

   Energies (kJ/mol)
           Bond          Angle    Proper Dih. Per. Imp. Dih.          LJ-14
    2.48449e+03    1.04383e+04    5.02154e+04    8.49011e+02    2.05294e+04
     Coulomb-14        LJ (SR)   Coulomb (SR)      Potential Pressure (bar)
    2.26844e+05   -3.26596e+04   -3.69756e+05   -9.10552e+04    6.41021e+02

           Step           Time
            113      113.00000

   Energies (kJ/mol)
           Bond          Angle    Proper Dih. Per. Imp. Dih.          LJ-14
    2.43434e+03    1.04413e+04    5.02124e+04    8.48699e+02    2.05136e+04
     Coulomb-14        LJ (SR)   Coulomb (SR)      Potential Pressure (bar)
    2.26823e+05   -3.26933e+04   -3.69773e+05   -9.11931e+04    6.35931e+02

           Step           Time
            114      114.00000

           Step           Time
            115      115.00000

   Energies (kJ/mol)
           Bond          Angle    Proper Dih. Per. Imp. Dih.          LJ-14
    2.34429e+03    1.04302e+04    5.02130e+04    8.48512e+02    2.05010e+04
     Coulomb-14        LJ (SR)   Coulomb (SR)      Potential Pressure (bar)
    2.26811e+05   -3.27162e+04   -3.69792e+05   -9.13600e+04    6.35529e+02

           Step           Time
            116      116.00000

   Energies (kJ/mol)
           Bond          Angle    Proper Dih. Per. Imp. Dih.          LJ-14
    2.49597e+03    1.04530e+04    5.02088e+04    8.48290e+02    2.04603e+04
     Coulomb-14        LJ (SR)   Coulomb (SR)      Potential Pressure (bar)
    2.26762e+05   -3.27970e+04   -3.69843e+05   -9.14118e+04    6.24150e+02

           Step           Time
            117      117.00000

   Energies (kJ/mol)
           Bond          Angle    Proper Dih. Per. Imp. Dih.          LJ-14
    2.38970e+03    1.04397e+04    5.02099e+04    8.47963e+02    2.04454e+04
     Coulomb-14        LJ (SR)   Coulomb (SR)      Potential Pressure (bar)
    2.26749e+05   -3.28231e+04   -3.69864e+05   -9.16055e+04    6.19708e+02

           Step           Time
            118      118.00000

           Step           Time
            119      119.00000

   Energies (kJ/mol)
           Bond          Angle    Proper Dih. Per. Imp. Dih.          LJ-14
    2.35801e+03    1.04409e+04    5.02078e+04    8.47864e+02    2.04320e+04
     Coulomb-14        LJ (SR)   Coulomb (SR)      Potential Pressure (bar)
    2.26732e+05   -3.28512e+04   -3.69881e+05   -9.17135e+04    6.18042e+02

           Step           Time
            120      120.00000

   Energies (kJ/mol)
           Bond          Angle    Proper Dih. Per. Imp. Dih.          LJ-14
    2.44050e+03    1.04482e+04    5.02075e+04    8.47697e+02    2.04049e+04
     Coulomb-14        LJ (SR)   Coulomb (SR)      Potential Pressure (bar)
    2.26703e+05   -3.29024e+04   -3.69917e+05   -9.17683e+04    6.10326e+02

           Step           Time
            121      121.00000

   Energies (kJ/mol)
           Bond          Angle    Proper Dih. Per. Imp. Dih.          LJ-14
    2.39121e+03    1.04498e+04    5.02048e+04    8.47618e+02    2.03913e+04
     Coulomb-14        LJ (SR)   Coulomb (SR)      Potential Pressure (bar)
    2.26685e+05   -3.29309e+04   -3.69935e+05   -9.18967e+04    6.07813e+02

           Step           Time
            122      122.00000

           Step           Time
            123      123.00000

   Energies (kJ/mol)
           Bond          Angle    Proper Dih. Per. Imp. Dih.          LJ-14
    2.35340e+03    1.04447e+04    5.02049e+04    8.47416e+02    2.03787e+04
     Coulomb-14        LJ (SR)   Coulomb (SR)      Potential Pressure (bar)
    2.26672e+05   -3.29540e+04   -3.69953e+05   -9.20058e+04    6.05182e+02

           Step           Time
            124      124.00000

   Energies (kJ/mol)
           Bond          Angle    Proper Dih. Per. Imp. Dih.          LJ-14
    2.42327e+03    1.04579e+04    5.02016e+04    8.47415e+02    2.03489e+04
     Coulomb-14        LJ (SR)   Coulomb (SR)      Potential Pressure (bar)
    2.26636e+05   -3.30134e+04   -3.69993e+05   -9.20909e+04    5.98520e+02

           Step           Time
            125      125.00000

   Energies (kJ/mol)
           Bond          Angle    Proper Dih. Per. Imp. Dih.          LJ-14
    2.38594e+03    1.04521e+04    5.02021e+04    8.47017e+02    2.03345e+04
     Coulomb-14        LJ (SR)   Coulomb (SR)      Potential Pressure (bar)
    2.26621e+05   -3.30394e+04   -3.70014e+05   -9.22098e+04    5.93815e+02

           Step           Time
            126      126.00000

   Energies (kJ/mol)
           Bond          Angle    Proper Dih. Per. Imp. Dih.          LJ-14
    2.48499e+03    1.04686e+04    5.01987e+04    8.46745e+02    2.03124e+04
     Coulomb-14        LJ (SR)   Coulomb (SR)      Potential Pressure (bar)
    2.26594e+05   -3.30839e+04   -3.70042e+05   -9.22210e+04    5.90009e+02

           Step           Time
            127      127.00000

   Energies (kJ/mol)
           Bond          Angle    Proper Dih. Per. Imp. Dih.          LJ-14
    2.45618e+03    1.04622e+04    5.01997e+04    8.46258e+02    2.02970e+04
     Coulomb-14        LJ (SR)   Coulomb (SR)      Potential Pressure (bar)
    2.26578e+05   -3.31117e+04   -3.70065e+05   -9.23373e+04    5.85238e+02

           Step           Time
            128      128.00000

           Step           Time
            129      129.00000

   Energies (kJ/mol)
           Bond          Angle    Proper Dih. Per. Imp. Dih.          LJ-14
    2.35844e+03    1.04572e+04    5.01977e+04    8.46033e+02    2.02876e+04
     Coulomb-14        LJ (SR)   Coulomb (SR)      Potential Pressure (bar)
    2.26566e+05   -3.31316e+04   -3.70078e+05   -9.24971e+04    5.84306e+02

           Step           Time
            130      130.00000

   Energies (kJ/mol)
           Bond          Angle    Proper Dih. Per. Imp. Dih.          LJ-14
    2.53735e+03    1.04754e+04    5.01961e+04    8.45357e+02    2.02440e+04
     Coulomb-14        LJ (SR)   Coulomb (SR)      Potential Pressure (bar)
    2.26515e+05   -3.32150e+04   -3.70139e+05   -9.25405e+04    5.71052e+02

           Step           Time
            131      131.00000

   Energies (kJ/mol)
           Bond          Angle    Proper Dih. Per. Imp. Dih.          LJ-14
    2.38632e+03    1.04669e+04    5.01934e+04    8.45126e+02    2.02344e+04
     Coulomb-14        LJ (SR)   Coulomb (SR)      Potential Pressure (bar)
    2.26503e+05   -3.32361e+04   -3.70155e+05   -9.27619e+04    5.69662e+02

           Step           Time
            132      132.00000

           Step           Time
            133      133.00000

   Energies (kJ/mol)
           Bond          Angle    Proper Dih. Per. Imp. Dih.          LJ-14
    2.39527e+03    1.04672e+04    5.01934e+04    8.44986e+02    2.02185e+04
     Coulomb-14        LJ (SR)   Coulomb (SR)      Potential Pressure (bar)
    2.26485e+05   -3.32661e+04   -3.70178e+05   -9.28389e+04    5.66099e+02

           Step           Time
            134      134.00000

   Energies (kJ/mol)
           Bond          Angle    Proper Dih. Per. Imp. Dih.          LJ-14
    2.41564e+03    1.04745e+04    5.01908e+04    8.44840e+02    2.02032e+04
     Coulomb-14        LJ (SR)   Coulomb (SR)      Potential Pressure (bar)
    2.26466e+05   -3.32978e+04   -3.70202e+05   -9.29052e+04    5.62792e+02

           Step           Time
            135      135.00000

   Energies (kJ/mol)
           Bond          Angle    Proper Dih. Per. Imp. Dih.          LJ-14
    2.44591e+03    1.04759e+04    5.01911e+04    8.44652e+02    2.01865e+04
     Coulomb-14        LJ (SR)   Coulomb (SR)      Potential Pressure (bar)
    2.26448e+05   -3.33286e+04   -3.70226e+05   -9.29622e+04    5.59482e+02

           Step           Time
            136      136.00000

   Energies (kJ/mol)
           Bond          Angle    Proper Dih. Per. Imp. Dih.          LJ-14
    2.47320e+03    1.04851e+04    5.01878e+04    8.44217e+02    2.01724e+04
     Coulomb-14        LJ (SR)   Coulomb (SR)      Potential Pressure (bar)
    2.26430e+05   -3.33583e+04   -3.70249e+05   -9.30148e+04    5.54388e+02

           Step           Time
            137      137.00000

   Energies (kJ/mol)
           Bond          Angle    Proper Dih. Per. Imp. Dih.          LJ-14
    2.54868e+03    1.04888e+04    5.01888e+04    8.43979e+02    2.01553e+04
     Coulomb-14        LJ (SR)   Coulomb (SR)      Potential Pressure (bar)
    2.26412e+05   -3.33893e+04   -3.70273e+05   -9.30249e+04    5.48305e+02

           Step           Time
            138      138.00000

   Energies (kJ/mol)
           Bond          Angle    Proper Dih. Per. Imp. Dih.          LJ-14
    2.59338e+03    1.05021e+04    5.01844e+04    8.43774e+02    2.01423e+04
     Coulomb-14        LJ (SR)   Coulomb (SR)      Potential Pressure (bar)
    2.26394e+05   -3.34176e+04   -3.70296e+05   -9.30539e+04    5.47267e+02

           Step           Time
            139      139.00000

           Step           Time
            140      140.00000

   Energies (kJ/mol)
           Bond          Angle    Proper Dih. Per. Imp. Dih.          LJ-14
    2.37246e+03    1.04774e+04    5.01854e+04    8.43568e+02    2.01333e+04
     Coulomb-14        LJ (SR)   Coulomb (SR)      Potential Pressure (bar)
    2.26386e+05   -3.34338e+04   -3.70309e+05   -9.33452e+04    5.44926e+02

           Step           Time
            141      141.00000

           Step           Time
            142      142.00000

   Energies (kJ/mol)
           Bond          Angle    Proper Dih. Per. Imp. Dih.          LJ-14
    2.43693e+03    1.04908e+04    5.01813e+04    8.43357e+02    2.01030e+04
     Coulomb-14        LJ (SR)   Coulomb (SR)      Potential Pressure (bar)
    2.26349e+05   -3.34932e+04   -3.70361e+05   -9.34491e+04    5.40060e+02

           Step           Time
            143      143.00000

   Energies (kJ/mol)
           Bond          Angle    Proper Dih. Per. Imp. Dih.          LJ-14
    2.39712e+03    1.04843e+04    5.01818e+04    8.42810e+02    2.00916e+04
     Coulomb-14        LJ (SR)   Coulomb (SR)      Potential Pressure (bar)
    2.26337e+05   -3.35147e+04   -3.70376e+05   -9.35553e+04    5.36460e+02

           Step           Time
            144      144.00000

   Energies (kJ/mol)
           Bond          Angle    Proper Dih. Per. Imp. Dih.          LJ-14
    2.48460e+03    1.05008e+04    5.01780e+04    8.42121e+02    2.00721e+04
     Coulomb-14        LJ (SR)   Coulomb (SR)      Potential Pressure (bar)
    2.26313e+05   -3.35543e+04   -3.70411e+05   -9.35749e+04    5.31320e+02

           Step           Time
            145      145.00000

   Energies (kJ/mol)
           Bond          Angle    Proper Dih. Per. Imp. Dih.          LJ-14
    2.44972e+03    1.04922e+04    5.01789e+04    8.41662e+02    2.00594e+04
     Coulomb-14        LJ (SR)   Coulomb (SR)      Potential Pressure (bar)
    2.26300e+05   -3.35778e+04   -3.70427e+05   -9.36830e+04    5.27152e+02

           Step           Time
            146      146.00000

           Step           Time
            147      147.00000

   Energies (kJ/mol)
           Bond          Angle    Proper Dih. Per. Imp. Dih.          LJ-14
    2.38488e+03    1.04911e+04    5.01768e+04    8.41578e+02    2.00514e+04
     Coulomb-14        LJ (SR)   Coulomb (SR)      Potential Pressure (bar)
    2.26290e+05   -3.35941e+04   -3.70444e+05   -9.38025e+04    5.24794e+02

           Step           Time
            148      148.00000

   Energies (kJ/mol)
           Bond          Angle    Proper Dih. Per. Imp. Dih.          LJ-14
    2.51147e+03    1.05023e+04    5.01750e+04    8.40632e+02    2.00192e+04
     Coulomb-14        LJ (SR)   Coulomb (SR)      Potential Pressure (bar)
    2.26253e+05   -3.36564e+04   -3.70494e+05   -9.38492e+04    5.16082e+02

           Step           Time
            149      149.00000

   Energies (kJ/mol)
           Bond          Angle    Proper Dih. Per. Imp. Dih.          LJ-14
    2.40741e+03    1.05003e+04    5.01721e+04    8.40544e+02    2.00109e+04
     Coulomb-14        LJ (SR)   Coulomb (SR)      Potential Pressure (bar)
    2.26242e+05   -3.36736e+04   -3.70514e+05   -9.40143e+04    5.12095e+02

           Step           Time
            150      150.00000

           Step           Time
            151      151.00000

   Energies (kJ/mol)
           Bond          Angle    Proper Dih. Per. Imp. Dih.          LJ-14
    2.40943e+03    1.04985e+04    5.01719e+04    8.40357e+02    1.99983e+04
     Coulomb-14        LJ (SR)   Coulomb (SR)      Potential Pressure (bar)
    2.26227e+05   -3.36982e+04   -3.70532e+05   -9.40849e+04    5.09301e+02

           Step           Time
            152      152.00000

   Energies (kJ/mol)
           Bond          Angle    Proper Dih. Per. Imp. Dih.          LJ-14
    2.43119e+03    1.05073e+04    5.01690e+04    8.40221e+02    1.99847e+04
     Coulomb-14        LJ (SR)   Coulomb (SR)      Potential Pressure (bar)
    2.26210e+05   -3.37257e+04   -3.70560e+05   -9.41436e+04    5.04934e+02

           Step           Time
            153      153.00000

   Energies (kJ/mol)
           Bond          Angle    Proper Dih. Per. Imp. Dih.          LJ-14
    2.44869e+03    1.05056e+04    5.01693e+04    8.40097e+02    1.99711e+04
     Coulomb-14        LJ (SR)   Coulomb (SR)      Potential Pressure (bar)
    2.26194e+05   -3.37518e+04   -3.70579e+05   -9.42020e+04    5.01736e+02

           Step           Time
            154      154.00000

   Energies (kJ/mol)
           Bond          Angle    Proper Dih. Per. Imp. Dih.          LJ-14
    2.47710e+03    1.05170e+04    5.01659e+04    8.39989e+02    1.99588e+04
     Coulomb-14        LJ (SR)   Coulomb (SR)      Potential Pressure (bar)
    2.26178e+05   -3.37767e+04   -3.70606e+05   -9.42462e+04    4.97939e+02

           Step           Time
            155      155.00000

   Energies (kJ/mol)
           Bond          Angle    Proper Dih. Per. Imp. Dih.          LJ-14
    2.52768e+03    1.05156e+04    5.01668e+04    8.39699e+02    1.99446e+04
     Coulomb-14        LJ (SR)   Coulomb (SR)      Potential Pressure (bar)
    2.26163e+05   -3.38035e+04   -3.70625e+05   -9.42709e+04    4.95854e+02

           Step           Time
            156      156.00000

   Energies (kJ/mol)
           Bond          Angle    Proper Dih. Per. Imp. Dih.          LJ-14
    2.56954e+03    1.05319e+04    5.01626e+04    8.39610e+02    1.99335e+04
     Coulomb-14        LJ (SR)   Coulomb (SR)      Potential Pressure (bar)
    2.26148e+05   -3.38269e+04   -3.70653e+05   -9.42949e+04    4.90092e+02

           Step           Time
            157      157.00000

           Step           Time
            158      158.00000

   Energies (kJ/mol)
           Bond          Angle    Proper Dih. Per. Imp. Dih.          LJ-14
    2.39641e+03    1.05103e+04    5.01635e+04    8.39517e+02    1.99259e+04
     Coulomb-14        LJ (SR)   Coulomb (SR)      Potential Pressure (bar)
    2.26141e+05   -3.38414e+04   -3.70663e+05   -9.45277e+04    4.90113e+02

           Step           Time
            159      159.00000

   Energies (kJ/mol)
           Bond          Angle    Proper Dih. Per. Imp. Dih.          LJ-14
    2.66116e+03    1.05537e+04    5.01556e+04    8.39536e+02    1.98707e+04
     Coulomb-14        LJ (SR)   Coulomb (SR)      Potential Pressure (bar)
    2.26074e+05   -3.39485e+04   -3.70774e+05   -9.45676e+04    4.73838e+02

           Step           Time
            160      160.00000

   Energies (kJ/mol)
           Bond          Angle    Proper Dih. Per. Imp. Dih.          LJ-14
    2.44465e+03    1.05237e+04    5.01572e+04    8.39158e+02    1.98617e+04
     Coulomb-14        LJ (SR)   Coulomb (SR)      Potential Pressure (bar)
    2.26066e+05   -3.39665e+04   -3.70782e+05   -9.48561e+04    4.72440e+02

           Step           Time
            161      161.00000

           Step           Time
            162      162.00000

   Energies (kJ/mol)
           Bond          Angle    Proper Dih. Per. Imp. Dih.          LJ-14
    2.45057e+03    1.05318e+04    5.01542e+04    8.39207e+02    1.98514e+04
     Coulomb-14        LJ (SR)   Coulomb (SR)      Potential Pressure (bar)
    2.26052e+05   -3.39877e+04   -3.70807e+05   -9.49158e+04    4.71782e+02

           Step           Time
            163      163.00000

   Energies (kJ/mol)
           Bond          Angle    Proper Dih. Per. Imp. Dih.          LJ-14
    2.49750e+03    1.05312e+04    5.01547e+04    8.38768e+02    1.98377e+04
     Coulomb-14        LJ (SR)   Coulomb (SR)      Potential Pressure (bar)
    2.26037e+05   -3.40142e+04   -3.70827e+05   -9.49443e+04    4.65820e+02

           Step           Time
            164      164.00000

   Energies (kJ/mol)
           Bond          Angle    Proper Dih. Per. Imp. Dih.          LJ-14
    2.50367e+03    1.05418e+04    5.01510e+04    8.38901e+02    1.98283e+04
     Coulomb-14        LJ (SR)   Coulomb (SR)      Potential Pressure (bar)
    2.26024e+05   -3.40339e+04   -3.70853e+05   -9.50001e+04    4.64502e+02

           Step           Time
            165      165.00000

           Step           Time
            166      166.00000

   Energies (kJ/mol)
           Bond          Angle    Proper Dih. Per. Imp. Dih.          LJ-14
    2.41120e+03    1.05291e+04    5.01516e+04    8.38685e+02    1.98213e+04
     Coulomb-14        LJ (SR)   Coulomb (SR)      Potential Pressure (bar)
    2.26016e+05   -3.40477e+04   -3.70863e+05   -9.51423e+04    4.61196e+02

           Step           Time
            167      167.00000

   Energies (kJ/mol)
           Bond          Angle    Proper Dih. Per. Imp. Dih.          LJ-14
    2.55452e+03    1.05556e+04    5.01452e+04    8.38685e+02    1.97848e+04
     Coulomb-14        LJ (SR)   Coulomb (SR)      Potential Pressure (bar)
    2.25971e+05   -3.41195e+04   -3.70942e+05   -9.52117e+04    4.52454e+02

           Step           Time
            168      168.00000

   Energies (kJ/mol)
           Bond          Angle    Proper Dih. Per. Imp. Dih.          LJ-14
    2.44466e+03    1.05381e+04    5.01462e+04    8.38266e+02    1.97764e+04
     Coulomb-14        LJ (SR)   Coulomb (SR)      Potential Pressure (bar)
    2.25963e+05   -3.41367e+04   -3.70951e+05   -9.53815e+04    4.49623e+02

           Step           Time
            169      169.00000

           Step           Time
            170      170.00000

   Energies (kJ/mol)
           Bond          Angle    Proper Dih. Per. Imp. Dih.          LJ-14
    2.43750e+03    1.05442e+04    5.01438e+04    8.38294e+02    1.97677e+04
     Coulomb-14        LJ (SR)   Coulomb (SR)      Potential Pressure (bar)
    2.25951e+05   -3.41543e+04   -3.70974e+05   -9.54457e+04    4.48333e+02

           Step           Time
            171      171.00000

   Energies (kJ/mol)
           Bond          Angle    Proper Dih. Per. Imp. Dih.          LJ-14
    2.47956e+03    1.05447e+04    5.01435e+04    8.37977e+02    1.97540e+04
     Coulomb-14        LJ (SR)   Coulomb (SR)      Potential Pressure (bar)
    2.25936e+05   -3.41816e+04   -3.70996e+05   -9.54821e+04    4.45285e+02

           Step           Time
            172      172.00000

   Energies (kJ/mol)
           Bond          Angle    Proper Dih. Per. Imp. Dih.          LJ-14
    2.46699e+03    1.05516e+04    5.01406e+04    8.38068e+02    1.97456e+04
     Coulomb-14        LJ (SR)   Coulomb (SR)      Potential Pressure (bar)
    2.25925e+05   -3.41983e+04   -3.71021e+05   -9.55515e+04    4.40859e+02

           Step           Time
            173      173.00000

           Step           Time
            174      174.00000

   Energies (kJ/mol)
           Bond          Angle    Proper Dih. Per. Imp. Dih.          LJ-14
    2.42335e+03    1.05442e+04    5.01408e+04    8.37943e+02    1.97388e+04
     Coulomb-14        LJ (SR)   Coulomb (SR)      Potential Pressure (bar)
    2.25918e+05   -3.42119e+04   -3.71031e+05   -9.56400e+04    4.41544e+02

           Step           Time
            175      175.00000

   Energies (kJ/mol)
           Bond          Angle    Proper Dih. Per. Imp. Dih.          LJ-14
    2.49247e+03    1.05602e+04    5.01363e+04    8.37908e+02    1.97146e+04
     Coulomb-14        LJ (SR)   Coulomb (SR)      Potential Pressure (bar)
    2.25887e+05   -3.42595e+04   -3.71086e+05   -9.57168e+04    4.34057e+02

           Step           Time
            176      176.00000

   Energies (kJ/mol)
           Bond          Angle    Proper Dih. Per. Imp. Dih.          LJ-14
    2.44515e+03    1.05501e+04    5.01367e+04    8.37678e+02    1.97066e+04
     Coulomb-14        LJ (SR)   Coulomb (SR)      Potential Pressure (bar)
    2.25879e+05   -3.42757e+04   -3.71097e+05   -9.58174e+04    4.30455e+02

           Step           Time
            177      177.00000

           Step           Time
            178      178.00000

   Energies (kJ/mol)
           Bond          Angle    Proper Dih. Per. Imp. Dih.          LJ-14
    2.43506e+03    1.05541e+04    5.01349e+04    8.37703e+02    1.96991e+04
     Coulomb-14        LJ (SR)   Coulomb (SR)      Potential Pressure (bar)
    2.25869e+05   -3.42906e+04   -3.71117e+05   -9.58778e+04    4.29008e+02

           Step           Time
            179      179.00000

   Energies (kJ/mol)
           Bond          Angle    Proper Dih. Per. Imp. Dih.          LJ-14
    2.46324e+03    1.05548e+04    5.01337e+04    8.37223e+02    1.96853e+04
     Coulomb-14        LJ (SR)   Coulomb (SR)      Potential Pressure (bar)
    2.25853e+05   -3.43179e+04   -3.71141e+05   -9.59317e+04    4.24981e+02

           Step           Time
            180      180.00000

   Energies (kJ/mol)
           Bond          Angle    Proper Dih. Per. Imp. Dih.          LJ-14
    2.45454e+03    1.05601e+04    5.01313e+04    8.37334e+02    1.96775e+04
     Coulomb-14        LJ (SR)   Coulomb (SR)      Potential Pressure (bar)
    2.25842e+05   -3.43335e+04   -3.71164e+05   -9.59948e+04    4.21994e+02

           Step           Time
            181      181.00000

   Energies (kJ/mol)
           Bond          Angle    Proper Dih. Per. Imp. Dih.          LJ-14
    2.49700e+03    1.05601e+04    5.01311e+04    8.37019e+02    1.96652e+04
     Coulomb-14        LJ (SR)   Coulomb (SR)      Potential Pressure (bar)
    2.25828e+05   -3.43583e+04   -3.71184e+05   -9.60238e+04    4.19179e+02

           Step           Time
            182      182.00000

   Energies (kJ/mol)
           Bond          Angle    Proper Dih. Per. Imp. Dih.          LJ-14
    2.49155e+03    1.05682e+04    5.01281e+04    8.36973e+02    1.96572e+04
     Coulomb-14        LJ (SR)   Coulomb (SR)      Potential Pressure (bar)
    2.25817e+05   -3.43738e+04   -3.71210e+05   -9.60844e+04    4.16248e+02

           Step           Time
            183      183.00000

           Step           Time
            184      184.00000

   Energies (kJ/mol)
           Bond          Angle    Proper Dih. Per. Imp. Dih.          LJ-14
    2.43554e+03    1.05597e+04    5.01282e+04    8.36783e+02    1.96514e+04
     Coulomb-14        LJ (SR)   Coulomb (SR)      Potential Pressure (bar)
    2.25811e+05   -3.43859e+04   -3.71218e+05   -9.61820e+04    4.14926e+02

           Step           Time
            185      185.00000

   Energies (kJ/mol)
           Bond          Angle    Proper Dih. Per. Imp. Dih.          LJ-14
    2.52464e+03    1.05770e+04    5.01230e+04    8.36608e+02    1.96237e+04
     Coulomb-14        LJ (SR)   Coulomb (SR)      Potential Pressure (bar)
    2.25776e+05   -3.44412e+04   -3.71286e+05   -9.62662e+04    4.04781e+02

           Step           Time
            186      186.00000

   Energies (kJ/mol)
           Bond          Angle    Proper Dih. Per. Imp. Dih.          LJ-14
    2.45503e+03    1.05657e+04    5.01235e+04    8.36283e+02    1.96167e+04
     Coulomb-14        LJ (SR)   Coulomb (SR)      Potential Pressure (bar)
    2.25769e+05   -3.44554e+04   -3.71295e+05   -9.63844e+04    4.04762e+02

           Step           Time
            187      187.00000

           Step           Time
            188      188.00000

   Energies (kJ/mol)
           Bond          Angle    Proper Dih. Per. Imp. Dih.          LJ-14
    2.45583e+03    1.05705e+04    5.01210e+04    8.36062e+02    1.96087e+04
     Coulomb-14        LJ (SR)   Coulomb (SR)      Potential Pressure (bar)
    2.25758e+05   -3.44714e+04   -3.71318e+05   -9.64385e+04    4.03602e+02

           Step           Time
            189      189.00000

   Energies (kJ/mol)
           Bond          Angle    Proper Dih. Per. Imp. Dih.          LJ-14
    2.47117e+03    1.05691e+04    5.01205e+04    8.35931e+02    1.95985e+04
     Coulomb-14        LJ (SR)   Coulomb (SR)      Potential Pressure (bar)
    2.25747e+05   -3.44922e+04   -3.71337e+05   -9.64870e+04    3.99173e+02

           Step           Time
            190      190.00000

   Energies (kJ/mol)
           Bond          Angle    Proper Dih. Per. Imp. Dih.          LJ-14
    2.48201e+03    1.05770e+04    5.01179e+04    8.35742e+02    1.95900e+04
     Coulomb-14        LJ (SR)   Coulomb (SR)      Potential Pressure (bar)
    2.25735e+05   -3.45090e+04   -3.71362e+05   -9.65334e+04    3.99241e+02

           Step           Time
            191      191.00000

   Energies (kJ/mol)
           Bond          Angle    Proper Dih. Per. Imp. Dih.          LJ-14
    2.50049e+03    1.05743e+04    5.01178e+04    8.35596e+02    1.95804e+04
     Coulomb-14        LJ (SR)   Coulomb (SR)      Potential Pressure (bar)
    2.25724e+05   -3.45284e+04   -3.71379e+05   -9.65741e+04    3.94041e+02

           Step           Time
            192      192.00000

   Energies (kJ/mol)
           Bond          Angle    Proper Dih. Per. Imp. Dih.          LJ-14
    2.53375e+03    1.05862e+04    5.01147e+04    8.35445e+02    1.95719e+04
     Coulomb-14        LJ (SR)   Coulomb (SR)      Potential Pressure (bar)
    2.25713e+05   -3.45452e+04   -3.71407e+05   -9.65973e+04    3.94121e+02

           Step           Time
            193      193.00000

   Energies (kJ/mol)
           Bond          Angle    Proper Dih. Per. Imp. Dih.          LJ-14
    2.55722e+03    1.05810e+04    5.01153e+04    8.35243e+02    1.95624e+04
     Coulomb-14        LJ (SR)   Coulomb (SR)      Potential Pressure (bar)
    2.25702e+05   -3.45645e+04   -3.71419e+05   -9.66304e+04    3.88974e+02

           Step           Time
            194      194.00000

           Step           Time
            195      195.00000

   Energies (kJ/mol)
           Bond          Angle    Proper Dih. Per. Imp. Dih.          LJ-14
    2.45153e+03    1.05771e+04    5.01133e+04    8.35241e+02    1.95582e+04
     Coulomb-14        LJ (SR)   Coulomb (SR)      Potential Pressure (bar)
    2.25697e+05   -3.45727e+04   -3.71436e+05   -9.67770e+04    3.90610e+02

           Step           Time
            196      196.00000

   Energies (kJ/mol)
           Bond          Angle    Proper Dih. Per. Imp. Dih.          LJ-14
    2.60900e+03    1.05920e+04    5.01087e+04    8.35535e+02    1.95236e+04
     Coulomb-14        LJ (SR)   Coulomb (SR)      Potential Pressure (bar)
    2.25653e+05   -3.46417e+04   -3.71513e+05   -9.68321e+04    3.77018e+02

           Step           Time
            197      197.00000

   Energies (kJ/mol)
           Bond          Angle    Proper Dih. Per. Imp. Dih.          LJ-14
    2.47945e+03    1.05879e+04    5.01061e+04    8.35385e+02    1.95184e+04
     Coulomb-14        LJ (SR)   Coulomb (SR)      Potential Pressure (bar)
    2.25647e+05   -3.46509e+04   -3.71534e+05   -9.70099e+04    3.77503e+02

           Step           Time
            198      198.00000

           Step           Time
            199      199.00000

   Energies (kJ/mol)
           Bond          Angle    Proper Dih. Per. Imp. Dih.          LJ-14
    2.48711e+03    1.05849e+04    5.01058e+04    8.35095e+02    1.95100e+04
     Coulomb-14        LJ (SR)   Coulomb (SR)      Potential Pressure (bar)
    2.25637e+05   -3.46680e+04   -3.71549e+05   -9.70571e+04    3.74874e+02

           Step           Time
            200      200.00000

   Energies (kJ/mol)
           Bond          Angle    Proper Dih. Per. Imp. Dih.          LJ-14
    2.50607e+03    1.05936e+04    5.01034e+04    8.34870e+02    1.95014e+04
     Coulomb-14        LJ (SR)   Coulomb (SR)      Potential Pressure (bar)
    2.25627e+05   -3.46839e+04   -3.71576e+05   -9.70930e+04    3.72319e+02

           Step           Time
            201      201.00000

   Energies (kJ/mol)
           Bond          Angle    Proper Dih. Per. Imp. Dih.          LJ-14
    2.52579e+03    1.05901e+04    5.01034e+04    8.34689e+02    1.94928e+04
     Coulomb-14        LJ (SR)   Coulomb (SR)      Potential Pressure (bar)
    2.25617e+05   -3.47020e+04   -3.71590e+05   -9.71284e+04    3.70687e+02

           Step           Time
            202      202.00000

   Energies (kJ/mol)
           Bond          Angle    Proper Dih. Per. Imp. Dih.          LJ-14
    2.55410e+03    1.06020e+04    5.01004e+04    8.34534e+02    1.94851e+04
     Coulomb-14        LJ (SR)   Coulomb (SR)      Potential Pressure (bar)
    2.25608e+05   -3.47162e+04   -3.71618e+05   -9.71503e+04    3.66523e+02

           Step           Time
            203      203.00000

   Energies (kJ/mol)
           Bond          Angle    Proper Dih. Per. Imp. Dih.          LJ-14
    2.60308e+03    1.05983e+04    5.01008e+04    8.34390e+02    1.94762e+04
     Coulomb-14        LJ (SR)   Coulomb (SR)      Potential Pressure (bar)
    2.25597e+05   -3.47352e+04   -3.71630e+05   -9.71551e+04    3.64109e+02

           Step           Time
            204      204.00000

           Step           Time
            205      205.00000

   Energies (kJ/mol)
           Bond          Angle    Proper Dih. Per. Imp. Dih.          LJ-14
    2.46487e+03    1.05914e+04    5.00989e+04    8.34431e+02    1.94725e+04
     Coulomb-14        LJ (SR)   Coulomb (SR)      Potential Pressure (bar)
    2.25593e+05   -3.47419e+04   -3.71646e+05   -9.73330e+04    3.65452e+02


Steepest Descents converged to Fmax < 1000 in 206 steps
Potential Energy  = -9.7332953e+04
Maximum force     =  7.5519897e+02 on atom 9219
Norm of force     =  4.5789649e+01

    D O M A I N   D E C O M P O S I T I O N   S T A T I S T I C S

 av. #atoms communicated per step for force:  2 x 19979.4

Finished mdrun on rank 0 Fri May 30 08:30:40 2025

